2026-08-19 12:03:16 [info     ] browser_pool.sigchld_reaper_skipped (Windows or no SIGCHLD support)
2026-08-19 12:03:16 [info     ] app.startup                    app_env=dev event_loop_type=ProactorEventLoop
2026-08-19 12:03:16 [info     ] config.loaded_from_db          has_openrouter_key=False model=google/gemma-4-31b-it:free
2026-08-19 12:03:16 [info     ] listing_ingest_queue.started   max_queue=25000 workers=16
2026-08-19 12:03:16 [info     ] claude_eval_queue.started      workers=6
2026-08-19 12:03:16 [info     ] part_gem_eval_queue.started    workers=2
2026-08-19 12:03:16 [info     ] scheduler.started              jobs=23
2026-08-19 12:03:16 [debug    ] listing_ingest_queue.worker_ready worker=0
2026-08-19 12:03:16 [debug    ] listing_ingest_queue.worker_ready worker=1
2026-08-19 12:03:16 [debug    ] listing_ingest_queue.worker_ready worker=2
2026-08-19 12:03:16 [debug    ] listing_ingest_queue.worker_ready worker=3
2026-08-19 12:03:16 [debug    ] listing_ingest_queue.worker_ready worker=4
2026-08-19 12:03:16 [debug    ] listing_ingest_queue.worker_ready worker=5
2026-08-19 12:03:16 [debug    ] listing_ingest_queue.worker_ready worker=6
2026-08-19 12:03:16 [debug    ] listing_ingest_queue.worker_ready worker=7
2026-08-19 12:03:16 [debug    ] listing_ingest_queue.worker_ready worker=8
2026-08-19 12:03:16 [debug    ] listing_ingest_queue.worker_ready worker=9
2026-08-19 12:03:16 [debug    ] listing_ingest_queue.worker_ready worker=10
2026-08-19 12:03:16 [debug    ] listing_ingest_queue.worker_ready worker=11
2026-08-19 12:03:16 [debug    ] listing_ingest_queue.worker_ready worker=12
2026-08-19 12:03:16 [debug    ] listing_ingest_queue.worker_ready worker=13
2026-08-19 12:03:16 [debug    ] listing_ingest_queue.worker_ready worker=14
2026-08-19 12:03:16 [debug    ] listing_ingest_queue.worker_ready worker=15
2026-08-19 12:03:16 [debug    ] claude_eval_queue.worker_ready worker=0
2026-08-19 12:03:16 [debug    ] part_gem_eval_queue.worker_ready worker=0
2026-08-19 12:03:16 [info     ] runtime.preflight.antibot.disabled
2026-08-19 12:03:16 [info     ] queue_processor.started        workers=15
2026-08-19 12:03:16 [info     ] margin_verifier.worker_started
2026-08-19 12:03:16 [warning  ] ram_watcher.fetch_failed       reason=no_oauth_or_error subreddit=buildapcsales
2026-08-19 12:03:16 [warning  ] ram_watcher.fetch_failed       reason=no_oauth_or_error subreddit=buildapcuk
2026-08-19 12:03:16 [info     ] ram_watcher.done               checked=0 deals=0
2026-08-19 12:03:19 [info     ] database_cleaner.completed     deleted={'gem_radar_decision_events': 0, 'gem_radar_listing_demand_history': 30205, 'submission_queue': 75, 'gem_radar_listing_observations': 0, 'gem_radar_scored_listings': 0}
2026-08-19 12:03:20 [warning  ] sold_comps_cache.connection_failed error=Error 22 connecting to localhost:6379. The remote computer refused the network connection.
2026-08-19 12:03:20 [info     ] app.ready                      note=full pipeline enabled - ingest/eval/build workers + scheduler + queue processor + margin verifier + sold comps cache running
2026-08-19 12:03:20 [info     ] opp4.startup                   stats_count=9
2026-08-19 12:03:21 [debug    ] claude_eval_queue.worker_ready worker=1
INFO:     127.0.0.1:61262 - "GET /api/settings HTTP/1.1" 307 Temporary Redirect
INFO:     127.0.0.1:61262 - "GET /api/settings/ HTTP/1.1" 200 OK
2026-08-19 12:03:26 [debug    ] claude_eval_queue.worker_ready worker=2
2026-08-19 12:03:26 [debug    ] part_gem_eval_queue.worker_ready worker=1
INFO:     127.0.0.1:64253 - "GET /health HTTP/1.1" 200 OK
2026-08-19 12:03:29 [info     ] builds_pricing.fetch_sold      build_id=2 cache_key=sold_comps:amd-ryzen-7-7800x3d|x870-p|rtx-3070-8gb query=gaming pc AMD Ryzen 7 7800X3D RTX 3070 8GB
2026-08-19 12:03:30 [error    ] sold_comps.scrapingbee_auth_failed condition=used query=gaming pc AMD Ryzen 7 7800X3D RTX 3070 8GB status=401
2026-08-19 12:03:31 [debug    ] claude_eval_queue.worker_ready worker=3
INFO:     127.0.0.1:64357 - "GET /api/builds/2/pricing?fetch_sold=true HTTP/1.1" 200 OK
2026-08-19 12:03:36 [debug    ] claude_eval_queue.worker_ready worker=4
INFO:     127.0.0.1:54138 - "GET /api/playbooks/proposals/?status=pending HTTP/1.1" 307 Temporary Redirect
INFO:     127.0.0.1:49328 - "GET /api/alerts/?limit=100&include_acked=false HTTP/1.1" 307 Temporary Redirect
INFO:     127.0.0.1:54138 - "GET /api/playbooks/proposals?status=pending HTTP/1.1" 200 OK
INFO:     127.0.0.1:49328 - "GET /api/alerts?limit=100&include_acked=false HTTP/1.1" 200 OK
2026-08-19 12:03:41 [debug    ] claude_eval_queue.worker_ready worker=5
INFO:     127.0.0.1:64237 - "GET /api/settings HTTP/1.1" 307 Temporary Redirect
INFO:     127.0.0.1:64237 - "GET /api/settings/ HTTP/1.1" 200 OK
