2026-09-16 16:14:52 [info     ] queue_processor.started        workers=4
2026-09-16 16:14:52 [warning  ] queue_processor.recovered_stuck_submissions count=4
2026-09-16 16:14:52 [info     ] opp4.startup                   stats_count=9
2026-09-16 16:14:52 [info     ] queue_processor.processing_submission n_listings=53 query=Gigabyte motherboard -bundle -combo -laptop -"empty box" -"box only" -sticker -"io shield" -standoff -backplate -"bios chip" -"power cable" -"adapter card" -"power switch" search_id=gigabyte-motherboard submission_id=115034
2026-09-16 16:14:52 [info     ] queue_processor.processing_submission n_listings=14 query=MSI motherboard -bundle -combo -laptop -"empty box" -"box only" -sticker -"io shield" -standoff -backplate -"bios chip" -"power cable" -"adapter card" -"power switch" search_id=msi-motherboard submission_id=115035
2026-09-16 16:14:52 [info     ] database_cleaner.completed     deleted={'gem_radar_decision_events': 0, 'gem_radar_listing_demand_history': 0, 'submission_queue': 0, 'gem_radar_listing_observations': 0, 'gem_radar_scored_listings': 0}
2026-09-16 16:14:52 [info     ] queue_processor.processing_submission n_listings=25 query=M.2 NVMe SSD -"m.2 case" -"ssd case" -adapter -"heatsink only" -enclosure -external -portable -"hard drive case" search_id=m2-nvme-ssd submission_id=115038
2026-09-16 16:14:52 [info     ] queue_processor.processing_submission n_listings=24 query=Intel GPU -bundle -laptop -backplate -bracket -shroud -waterblock -"riser cable" -"extension cable" -"box only" -sticker -"mining frame" -poster -"cooling fan" -"replacement fan" search_id=intel-gpu submission_id=115041
2026-09-16 16:14:54 [info     ] diag.scan.phase1_ingest_done   cpk_assigned=24 cross_run_dupes_price_updated=0 cross_run_dupes_unchanged_price=24 elapsed_s=2.5 excluded_auctions=0 new_listings=0
2026-09-16 16:14:54 [info     ] queue_processor.submission_completed catalogue_cases_upserted=0 cpk_assigned=24 ingested=0 submission_id=115041
2026-09-16 16:14:54 [info     ] queue_processor.submission_released search_id=intel-gpu
2026-09-16 16:14:54 [info     ] queue_processor.processing_submission n_listings=40 query=Lian Li case -laptop -phone -iphone -samsung -tablet -"pencil case" -sleeve -guitar -camera -toy -cosmetic -watch -sticker -"decorative panel" -"dust filter" -"carrying case" search_id=lian-li-pc-case submission_id=115044
2026-09-16 16:14:55 [info     ] diag.scan.phase1_ingest_done   cpk_assigned=40 cross_run_dupes_price_updated=0 cross_run_dupes_unchanged_price=40 elapsed_s=0.2 excluded_auctions=0 new_listings=0
2026-09-16 16:14:55 [info     ] queue_processor.submission_completed catalogue_cases_upserted=32 cpk_assigned=40 ingested=0 submission_id=115044
2026-09-16 16:14:55 [info     ] queue_processor.submission_released search_id=lian-li-pc-case
2026-09-16 16:14:55 [info     ] queue_processor.processing_submission n_listings=17 query=Intel GPU -bundle -laptop -backplate -bracket -shroud -waterblock -"riser cable" -"extension cable" -"box only" -sticker -"mining frame" -poster -"cooling fan" -"replacement fan" search_id=intel-gpu submission_id=115046
2026-09-16 16:14:55 [info     ] diag.scan.phase1_ingest_done   cpk_assigned=17 cross_run_dupes_price_updated=1 cross_run_dupes_unchanged_price=16 elapsed_s=0.1 excluded_auctions=0 new_listings=0
2026-09-16 16:14:55 [info     ] queue_processor.submission_completed catalogue_cases_upserted=0 cpk_assigned=17 ingested=0 submission_id=115046
2026-09-16 16:14:55 [info     ] queue_processor.submission_released search_id=intel-gpu
2026-09-16 16:14:55 [info     ] queue_processor.processing_submission n_listings=39 query=750W Gold modular power supply -bundle -laptop -"laptop psu" -external -"power cable" -adapter -charger -"switching power supply" -industrial search_id=psu-gold-750w-modular submission_id=115049
2026-09-16 16:14:55 [info     ] diag.scan.phase1_ingest_done   cpk_assigned=39 cross_run_dupes_price_updated=0 cross_run_dupes_unchanged_price=39 elapsed_s=0.2 excluded_auctions=0 new_listings=0
2026-09-16 16:14:55 [info     ] queue_processor.submission_completed catalogue_cases_upserted=0 cpk_assigned=39 ingested=0 submission_id=115049
2026-09-16 16:14:55 [info     ] queue_processor.submission_released search_id=psu-gold-750w-modular
2026-09-16 16:14:55 [info     ] queue_processor.processing_submission n_listings=19 query=Intel GPU -bundle -laptop -backplate -bracket -shroud -waterblock -"riser cable" -"extension cable" -"box only" -sticker -"mining frame" -poster -"cooling fan" -"replacement fan" search_id=intel-gpu submission_id=115050
2026-09-16 16:14:55 [debug    ] cpk_extractor.low_confidence   confidence=0.5 title=QUICK VIEW
2026-09-16 16:14:55 [debug    ] cpk_extractor.low_confidence   confidence=0.5 title=QUICK VIEW
2026-09-16 16:14:57 [debug    ] cpk_extractor.low_confidence   confidence=0.5 title=QUICK VIEW
2026-09-16 16:14:57 [debug    ] cpk_extractor.low_confidence   confidence=0.5 title=QUICK VIEW
2026-09-16 16:14:57 [debug    ] cpk_extractor.low_confidence   confidence=0.5 title=QUICK VIEW
2026-09-16 16:14:57 [debug    ] cpk_extractor.low_confidence   confidence=0.5 title=QUICK VIEW
2026-09-16 16:14:58 [debug    ] cpk_extractor.low_confidence   confidence=0.5 title=QUICK VIEW
2026-09-16 16:14:58 [debug    ] cpk_extractor.low_confidence   confidence=0.5 title=QUICK VIEW
2026-09-16 16:14:59 [debug    ] cpk_extractor.low_confidence   confidence=0.5 title=QUICK VIEW
Watch video
2026-09-16 16:14:59 [debug    ] cpk_extractor.low_confidence   confidence=0.5 title=QUICK VIEW
2026-09-16 16:15:00 [debug    ] cpk_extractor.low_confidence   confidence=0.5 title=QUICK VIEW
2026-09-16 16:15:00 [debug    ] cpk_extractor.low_confidence   confidence=0.5 title=QUICK VIEW
2026-09-16 16:15:01 [debug    ] cpk_extractor.low_confidence   confidence=0.5 title=QUICK VIEW
2026-09-16 16:15:01 [debug    ] cpk_extractor.low_confidence   confidence=0.5 title=QUICK VIEW
2026-09-16 16:15:01 [info     ] diag.scan.phase1_ingest_done   cpk_assigned=0 cross_run_dupes_price_updated=0 cross_run_dupes_unchanged_price=14 elapsed_s=9.5 excluded_auctions=0 new_listings=0
2026-09-16 16:15:01 [info     ] queue_processor.submission_completed catalogue_cases_upserted=0 cpk_assigned=0 ingested=0 submission_id=115035
2026-09-16 16:15:02 [info     ] queue_processor.submission_released search_id=msi-motherboard
2026-09-16 16:15:02 [info     ] queue_processor.processing_submission n_listings=35 query=750W Gold modular power supply -bundle -laptop -"laptop psu" -external -"power cable" -adapter -charger -"switching power supply" -industrial search_id=psu-gold-750w-modular submission_id=115052
2026-09-16 16:15:02 [debug    ] cpk_extractor.low_confidence   confidence=0.5 title=ORBIT X1 HOME/OFFICE DESKTOP PC
2026-09-16 16:15:02 [debug    ] cpk_extractor.low_confidence   confidence=0.5 title=ORBIT X2 HOME/OFFICE DESKTOP PC
2026-09-16 16:15:02 [info     ] diag.scan.phase1_ingest_done   cpk_assigned=23 cross_run_dupes_price_updated=0 cross_run_dupes_unchanged_price=25 elapsed_s=10.2 excluded_auctions=0 new_listings=0
2026-09-16 16:15:02 [info     ] queue_processor.submission_completed catalogue_cases_upserted=0 cpk_assigned=23 ingested=0 submission_id=115038
2026-09-16 16:15:03 [info     ] queue_processor.submission_released search_id=m2-nvme-ssd
2026-09-16 16:15:03 [info     ] queue_processor.processing_submission n_listings=17 query=M.2 NVMe SSD -"m.2 case" -"ssd case" -adapter -"heatsink only" -enclosure -external -portable -"hard drive case" search_id=m2-nvme-ssd submission_id=115043
2026-09-16 16:15:03 [info     ] diag.scan.phase1_ingest_done   cpk_assigned=17 cross_run_dupes_price_updated=0 cross_run_dupes_unchanged_price=17 elapsed_s=0.1 excluded_auctions=0 new_listings=0
2026-09-16 16:15:03 [info     ] queue_processor.submission_completed catalogue_cases_upserted=0 cpk_assigned=17 ingested=0 submission_id=115043
2026-09-16 16:15:03 [info     ] queue_processor.submission_released search_id=m2-nvme-ssd
2026-09-16 16:15:03 [info     ] queue_processor.processing_submission n_listings=12 query=M.2 NVMe SSD -"m.2 case" -"ssd case" -adapter -"heatsink only" -enclosure -external -portable -"hard drive case" search_id=m2-nvme-ssd submission_id=115047
2026-09-16 16:15:03 [info     ] diag.scan.phase1_ingest_done   cpk_assigned=35 cross_run_dupes_price_updated=0 cross_run_dupes_unchanged_price=35 elapsed_s=0.8 excluded_auctions=0 new_listings=0
2026-09-16 16:15:03 [info     ] queue_processor.submission_completed catalogue_cases_upserted=0 cpk_assigned=35 ingested=0 submission_id=115052
2026-09-16 16:15:03 [info     ] queue_processor.submission_released search_id=psu-gold-750w-modular
2026-09-16 16:15:03 [info     ] queue_processor.processing_submission n_listings=18 query=750W Gold modular power supply -bundle -laptop -"laptop psu" -external -"power cable" -adapter -charger -"switching power supply" -industrial search_id=psu-gold-750w-modular submission_id=115055
2026-09-16 16:15:03 [info     ] diag.scan.phase1_ingest_done   cpk_assigned=18 cross_run_dupes_price_updated=0 cross_run_dupes_unchanged_price=18 elapsed_s=0.1 excluded_auctions=0 new_listings=0
2026-09-16 16:15:03 [info     ] queue_processor.submission_completed catalogue_cases_upserted=0 cpk_assigned=18 ingested=0 submission_id=115055
2026-09-16 16:15:03 [info     ] queue_processor.submission_released search_id=psu-gold-750w-modular
2026-09-16 16:15:03 [info     ] queue_processor.processing_submission n_listings=100 query=DDR4 UDIMM -sodimm -laptop -"heatsink only" -sticker -"empty box" -"tray only" search_id=ddr4-udimm-ram submission_id=115056
2026-09-16 16:15:08 [info     ] diag.scan.phase1_ingest_done   cpk_assigned=46 cross_run_dupes_price_updated=0 cross_run_dupes_unchanged_price=53 elapsed_s=16.4 excluded_auctions=0 new_listings=0
2026-09-16 16:15:08 [info     ] queue_processor.submission_completed catalogue_cases_upserted=0 cpk_assigned=46 ingested=0 submission_id=115034
2026-09-16 16:15:09 [info     ] queue_processor.submission_released search_id=gigabyte-motherboard
2026-09-16 16:15:09 [info     ] queue_processor.processing_submission n_listings=44 query=Gigabyte motherboard -bundle -combo -laptop -"empty box" -"box only" -sticker -"io shield" -standoff -backplate -"bios chip" -"power cable" -"adapter card" -"power switch" search_id=gigabyte-motherboard submission_id=115036
2026-09-16 16:15:10 [info     ] diag.scan.phase1_ingest_done   cpk_assigned=18 cross_run_dupes_price_updated=0 cross_run_dupes_unchanged_price=19 elapsed_s=15.4 excluded_auctions=0 new_listings=0
2026-09-16 16:15:10 [info     ] queue_processor.submission_completed catalogue_cases_upserted=0 cpk_assigned=18 ingested=0 submission_id=115050
2026-09-16 16:15:11 [info     ] queue_processor.submission_released search_id=intel-gpu
2026-09-16 16:15:11 [info     ] queue_processor.processing_submission n_listings=20 query=Intel GPU -bundle -laptop -backplate -bracket -shroud -waterblock -"riser cable" -"extension cable" -"box only" -sticker -"mining frame" -poster -"cooling fan" -"replacement fan" search_id=intel-gpu submission_id=115053
2026-09-16 16:15:11 [debug    ] cpk_extractor.low_confidence   confidence=0.5 title=GIGABYTE AI TOP ATOM 4TB GEN4 NVIDIA GB10 DGX SPAR
2026-09-16 16:15:11 [info     ] diag.scan.phase1_ingest_done   cpk_assigned=11 cross_run_dupes_price_updated=1 cross_run_dupes_unchanged_price=11 elapsed_s=8.0 excluded_auctions=0 new_listings=0
2026-09-16 16:15:11 [info     ] queue_processor.submission_completed catalogue_cases_upserted=0 cpk_assigned=11 ingested=0 submission_id=115047
2026-09-16 16:15:11 [info     ] queue_processor.submission_released search_id=m2-nvme-ssd
2026-09-16 16:15:11 [info     ] diag.scan.phase1_ingest_done   cpk_assigned=20 cross_run_dupes_price_updated=0 cross_run_dupes_unchanged_price=20 elapsed_s=0.1 excluded_auctions=0 new_listings=0
2026-09-16 16:15:11 [info     ] queue_processor.submission_completed catalogue_cases_upserted=0 cpk_assigned=20 ingested=0 submission_id=115053
2026-09-16 16:15:11 [info     ] queue_processor.submission_released search_id=intel-gpu
2026-09-16 16:15:11 [info     ] queue_processor.processing_submission n_listings=8 query=750W Gold modular power supply -bundle -laptop -"laptop psu" -external -"power cable" -adapter -charger -"switching power supply" -industrial search_id=psu-gold-750w-modular submission_id=115058
2026-09-16 16:15:11 [info     ] queue_processor.processing_submission n_listings=18 query=Intel GPU -bundle -laptop -backplate -bracket -shroud -waterblock -"riser cable" -"extension cable" -"box only" -sticker -"mining frame" -poster -"cooling fan" -"replacement fan" search_id=intel-gpu submission_id=115059
2026-09-16 16:15:11 [info     ] diag.scan.phase1_ingest_done   cpk_assigned=8 cross_run_dupes_price_updated=0 cross_run_dupes_unchanged_price=8 elapsed_s=0.0 excluded_auctions=0 new_listings=0
2026-09-16 16:15:11 [info     ] queue_processor.submission_completed catalogue_cases_upserted=0 cpk_assigned=8 ingested=0 submission_id=115058
2026-09-16 16:15:11 [info     ] queue_processor.submission_released search_id=psu-gold-750w-modular
2026-09-16 16:15:11 [info     ] queue_processor.processing_submission n_listings=21 query=DDR5 UDIMM -sodimm -laptop -"heatsink only" -sticker -"empty box" -"tray only" search_id=ddr5-udimm-ram submission_id=115062
2026-09-16 16:15:11 [info     ] diag.scan.phase1_ingest_done   cpk_assigned=18 cross_run_dupes_price_updated=0 cross_run_dupes_unchanged_price=18 elapsed_s=0.1 excluded_auctions=0 new_listings=0
2026-09-16 16:15:11 [info     ] queue_processor.submission_completed catalogue_cases_upserted=0 cpk_assigned=18 ingested=0 submission_id=115059
2026-09-16 16:15:11 [info     ] queue_processor.submission_released search_id=intel-gpu
2026-09-16 16:15:11 [info     ] queue_processor.processing_submission n_listings=37 query=CPU cooler -bundle -laptop -"mounting kit only" -"replacement fan" -"thermal pad" -"fan controller" search_id=cpu-cooler submission_id=115063
2026-09-16 16:15:11 [info     ] diag.scan.phase1_ingest_done   cpk_assigned=37 cross_run_dupes_price_updated=0 cross_run_dupes_unchanged_price=37 elapsed_s=0.2 excluded_auctions=0 new_listings=0
2026-09-16 16:15:11 [info     ] queue_processor.submission_completed catalogue_cases_upserted=0 cpk_assigned=37 ingested=0 submission_id=115063
2026-09-16 16:15:11 [info     ] queue_processor.submission_released search_id=cpu-cooler
2026-09-16 16:15:11 [info     ] queue_processor.processing_submission n_listings=16 query=Intel GPU -bundle -laptop -backplate -bracket -shroud -waterblock -"riser cable" -"extension cable" -"box only" -sticker -"mining frame" -poster -"cooling fan" -"replacement fan" search_id=intel-gpu submission_id=115065
2026-09-16 16:15:11 [info     ] diag.scan.phase1_ingest_done   cpk_assigned=16 cross_run_dupes_price_updated=0 cross_run_dupes_unchanged_price=16 elapsed_s=0.1 excluded_auctions=0 new_listings=0
2026-09-16 16:15:11 [info     ] queue_processor.submission_completed catalogue_cases_upserted=0 cpk_assigned=16 ingested=0 submission_id=115065
2026-09-16 16:15:11 [info     ] queue_processor.submission_released search_id=intel-gpu
2026-09-16 16:15:11 [info     ] queue_processor.processing_submission n_listings=28 query=CPU cooler -bundle -laptop -"mounting kit only" -"replacement fan" -"thermal pad" -"fan controller" search_id=cpu-cooler submission_id=115067
2026-09-16 16:15:12 [info     ] diag.scan.phase1_ingest_done   cpk_assigned=28 cross_run_dupes_price_updated=0 cross_run_dupes_unchanged_price=28 elapsed_s=0.4 excluded_auctions=0 new_listings=0
2026-09-16 16:15:12 [info     ] queue_processor.submission_completed catalogue_cases_upserted=0 cpk_assigned=28 ingested=0 submission_id=115067
2026-09-16 16:15:12 [info     ] queue_processor.submission_released search_id=cpu-cooler
2026-09-16 16:15:12 [info     ] queue_processor.processing_submission n_listings=16 query=Intel GPU -bundle -laptop -backplate -bracket -shroud -waterblock -"riser cable" -"extension cable" -"box only" -sticker -"mining frame" -poster -"cooling fan" -"replacement fan" search_id=intel-gpu submission_id=115070
2026-09-16 16:15:12 [info     ] diag.scan.phase1_ingest_done   cpk_assigned=16 cross_run_dupes_price_updated=0 cross_run_dupes_unchanged_price=16 elapsed_s=0.1 excluded_auctions=0 new_listings=0
2026-09-16 16:15:12 [info     ] queue_processor.submission_completed catalogue_cases_upserted=0 cpk_assigned=16 ingested=0 submission_id=115070
2026-09-16 16:15:12 [info     ] queue_processor.submission_released search_id=intel-gpu
2026-09-16 16:15:12 [info     ] queue_processor.processing_submission n_listings=29 query=CPU cooler -bundle -laptop -"mounting kit only" -"replacement fan" -"thermal pad" -"fan controller" search_id=cpu-cooler submission_id=115071
2026-09-16 16:15:12 [info     ] diag.scan.phase1_ingest_done   cpk_assigned=29 cross_run_dupes_price_updated=0 cross_run_dupes_unchanged_price=29 elapsed_s=0.2 excluded_auctions=0 new_listings=0
2026-09-16 16:15:12 [info     ] queue_processor.submission_completed catalogue_cases_upserted=0 cpk_assigned=29 ingested=0 submission_id=115071
2026-09-16 16:15:12 [info     ] queue_processor.submission_released search_id=cpu-cooler
2026-09-16 16:15:12 [info     ] queue_processor.processing_submission n_listings=25 query=CPU cooler -bundle -laptop -"mounting kit only" -"replacement fan" -"thermal pad" -"fan controller" search_id=cpu-cooler submission_id=115072
2026-09-16 16:15:12 [info     ] diag.scan.phase1_ingest_done   cpk_assigned=25 cross_run_dupes_price_updated=0 cross_run_dupes_unchanged_price=25 elapsed_s=0.1 excluded_auctions=0 new_listings=0
2026-09-16 16:15:12 [info     ] queue_processor.submission_completed catalogue_cases_upserted=0 cpk_assigned=25 ingested=0 submission_id=115072
2026-09-16 16:15:12 [info     ] queue_processor.submission_released search_id=cpu-cooler
2026-09-16 16:15:12 [info     ] queue_processor.processing_submission n_listings=21 query=Intel GPU -bundle -laptop -backplate -bracket -shroud -waterblock -"riser cable" -"extension cable" -"box only" -sticker -"mining frame" -poster -"cooling fan" -"replacement fan" search_id=intel-gpu submission_id=115073
2026-09-16 16:15:12 [info     ] diag.scan.phase1_ingest_done   cpk_assigned=21 cross_run_dupes_price_updated=0 cross_run_dupes_unchanged_price=21 elapsed_s=0.1 excluded_auctions=0 new_listings=0
2026-09-16 16:15:12 [info     ] queue_processor.submission_completed catalogue_cases_upserted=0 cpk_assigned=21 ingested=0 submission_id=115073
2026-09-16 16:15:12 [info     ] queue_processor.submission_released search_id=intel-gpu
2026-09-16 16:15:12 [info     ] queue_processor.processing_submission n_listings=36 query=M.2 NVMe SSD -"m.2 case" -"ssd case" -adapter -"heatsink only" -enclosure -external -portable -"hard drive case" search_id=m2-nvme-ssd submission_id=115074
2026-09-16 16:15:15 [info     ] diag.scan.phase1_ingest_done   cpk_assigned=97 cross_run_dupes_price_updated=1 cross_run_dupes_unchanged_price=95 elapsed_s=11.9 excluded_auctions=0 new_listings=4
2026-09-16 16:15:15 [info     ] queue_processor.submission_completed catalogue_cases_upserted=0 cpk_assigned=97 ingested=4 submission_id=115056
2026-09-16 16:15:15 [info     ] queue_processor.submission_released search_id=ddr4-udimm-ram
2026-09-16 16:15:15 [info     ] queue_processor.processing_submission n_listings=4 query=DDR4 UDIMM -sodimm -laptop -"heatsink only" -sticker -"empty box" -"tray only" search_id=ddr4-udimm-ram submission_id=115057
2026-09-16 16:15:19 [debug    ] cpk_extractor.low_confidence   confidence=0.5 title=QUICK VIEW
2026-09-16 16:15:20 [info     ] diag.scan.phase1_ingest_done   cpk_assigned=39 cross_run_dupes_price_updated=0 cross_run_dupes_unchanged_price=44 elapsed_s=11.4 excluded_auctions=0 new_listings=0
2026-09-16 16:15:20 [info     ] queue_processor.submission_completed catalogue_cases_upserted=0 cpk_assigned=39 ingested=0 submission_id=115036
2026-09-16 16:15:20 [info     ] queue_processor.submission_released search_id=gigabyte-motherboard
2026-09-16 16:15:20 [info     ] queue_processor.processing_submission n_listings=73 query=Gigabyte motherboard -bundle -combo -laptop -"empty box" -"box only" -sticker -"io shield" -standoff -backplate -"bios chip" -"power cable" -"adapter card" -"power switch" search_id=gigabyte-motherboard submission_id=115037
2026-09-16 16:15:21 [debug    ] cpk_extractor.low_confidence   confidence=0.5 title=QUICK VIEW
2026-09-16 16:15:21 [debug    ] cpk_extractor.low_confidence   confidence=0.5 title=QUICK VIEW
2026-09-16 16:15:21 [debug    ] cpk_extractor.low_confidence   confidence=0.5 title=QUICK VIEW
2026-09-16 16:15:22 [debug    ] cpk_extractor.low_confidence   confidence=0.5 title=QUICK VIEW
2026-09-16 16:15:23 [debug    ] cpk_extractor.low_confidence   confidence=0.5 title=QUICK VIEW
2026-09-16 16:15:23 [debug    ] cpk_extractor.low_confidence   confidence=0.5 title=QUICK VIEW
2026-09-16 16:15:23 [debug    ] cpk_extractor.low_confidence   confidence=0.5 title=QUICK VIEW
2026-09-16 16:15:24 [debug    ] cpk_extractor.low_confidence   confidence=0.5 title=QUICK VIEW
2026-09-16 16:15:25 [debug    ] cpk_extractor.low_confidence   confidence=0.5 title=QUICK VIEW
2026-09-16 16:15:25 [debug    ] cpk_extractor.low_confidence   confidence=0.5 title=QUICK VIEW
2026-09-16 16:15:25 [debug    ] cpk_extractor.low_confidence   confidence=0.5 title=QUICK VIEW
2026-09-16 16:15:25 [debug    ] cpk_extractor.low_confidence   confidence=0.5 title=QUICK VIEW
2026-09-16 16:15:27 [debug    ] cpk_extractor.low_confidence   confidence=0.5 title=QUICK VIEW
2026-09-16 16:15:27 [debug    ] cpk_extractor.low_confidence   confidence=0.5 title=QUICK VIEW
2026-09-16 16:15:27 [debug    ] cpk_extractor.low_confidence   confidence=0.5 title=QUICK VIEW
2026-09-16 16:15:27 [debug    ] cpk_extractor.low_confidence   confidence=0.5 title=QUICK VIEW
2026-09-16 16:15:28 [debug    ] cpk_extractor.low_confidence   confidence=0.5 title=QUICK VIEW
2026-09-16 16:15:28 [debug    ] cpk_extractor.low_confidence   confidence=0.5 title=QUICK VIEW
2026-09-16 16:15:29 [debug    ] cpk_extractor.low_confidence   confidence=0.5 title=QUICK VIEW
2026-09-16 16:15:29 [debug    ] cpk_extractor.low_confidence   confidence=0.5 title=QUICK VIEW
2026-09-16 16:15:29 [info     ] diag.scan.phase1_ingest_done   cpk_assigned=0 cross_run_dupes_price_updated=0 cross_run_dupes_unchanged_price=21 elapsed_s=18.3 excluded_auctions=0 new_listings=0
2026-09-16 16:15:29 [info     ] queue_processor.submission_completed catalogue_cases_upserted=0 cpk_assigned=0 ingested=0 submission_id=115062
2026-09-16 16:15:29 [info     ] queue_processor.submission_released search_id=ddr5-udimm-ram
2026-09-16 16:15:29 [info     ] queue_processor.processing_submission n_listings=22 query=CPU cooler -bundle -laptop -"mounting kit only" -"replacement fan" -"thermal pad" -"fan controller" search_id=cpu-cooler submission_id=115075
2026-09-16 16:15:30 [info     ] diag.scan.phase1_ingest_done   cpk_assigned=22 cross_run_dupes_price_updated=0 cross_run_dupes_unchanged_price=22 elapsed_s=0.1 excluded_auctions=0 new_listings=0
2026-09-16 16:15:30 [info     ] queue_processor.submission_completed catalogue_cases_upserted=0 cpk_assigned=22 ingested=0 submission_id=115075
2026-09-16 16:15:30 [info     ] queue_processor.submission_released search_id=cpu-cooler
2026-09-16 16:15:30 [info     ] queue_processor.processing_submission n_listings=18 query=Intel GPU -bundle -laptop -backplate -bracket -shroud -waterblock -"riser cable" -"extension cable" -"box only" -sticker -"mining frame" -poster -"cooling fan" -"replacement fan" search_id=intel-gpu submission_id=115077
2026-09-16 16:15:30 [info     ] diag.scan.phase1_ingest_done   cpk_assigned=18 cross_run_dupes_price_updated=0 cross_run_dupes_unchanged_price=18 elapsed_s=0.1 excluded_auctions=0 new_listings=0
2026-09-16 16:15:30 [info     ] queue_processor.submission_completed catalogue_cases_upserted=0 cpk_assigned=18 ingested=0 submission_id=115077
2026-09-16 16:15:30 [info     ] queue_processor.submission_released search_id=intel-gpu
2026-09-16 16:15:30 [info     ] queue_processor.processing_submission n_listings=20 query=Intel GPU -bundle -laptop -backplate -bracket -shroud -waterblock -"riser cable" -"extension cable" -"box only" -sticker -"mining frame" -poster -"cooling fan" -"replacement fan" search_id=intel-gpu submission_id=115079
2026-09-16 16:15:30 [debug    ] cpk_extractor.low_confidence   confidence=0.5 title=QUICK VIEW
Watch video
2026-09-16 16:15:30 [debug    ] cpk_extractor.low_confidence   confidence=0.5 title=QUICK VIEW
2026-09-16 16:15:31 [debug    ] cpk_extractor.low_confidence   confidence=0.5 title=QUICK VIEW
Watch video
2026-09-16 16:15:31 [debug    ] cpk_extractor.low_confidence   confidence=0.5 title=QUICK VIEW
2026-09-16 16:15:32 [debug    ] cpk_extractor.low_confidence   confidence=0.5 title=QUICK VIEW
2026-09-16 16:15:32 [debug    ] cpk_extractor.low_confidence   confidence=0.5 title=QUICK VIEW
2026-09-16 16:15:33 [debug    ] cpk_extractor.low_confidence   confidence=0.5 title=QUICK VIEW
2026-09-16 16:15:33 [debug    ] cpk_extractor.low_confidence   confidence=0.5 title=QUICK VIEW
2026-09-16 16:15:33 [debug    ] cpk_extractor.low_confidence   confidence=0.5 title=QUICK VIEW
2026-09-16 16:15:33 [debug    ] cpk_extractor.low_confidence   confidence=0.5 title=QUICK VIEW
2026-09-16 16:15:35 [debug    ] cpk_extractor.low_confidence   confidence=0.5 title=QUICK VIEW
2026-09-16 16:15:35 [debug    ] cpk_extractor.low_confidence   confidence=0.5 title=QUICK VIEW
2026-09-16 16:15:35 [debug    ] cpk_extractor.low_confidence   confidence=0.5 title=QUICK VIEW
2026-09-16 16:15:35 [debug    ] cpk_extractor.low_confidence   confidence=0.5 title=QUICK VIEW
2026-09-16 16:15:36 [debug    ] cpk_extractor.low_confidence   confidence=0.5 title=QUICK VIEW
2026-09-16 16:15:36 [debug    ] cpk_extractor.low_confidence   confidence=0.5 title=QUICK VIEW
2026-09-16 16:15:37 [debug    ] cpk_extractor.low_confidence   confidence=0.5 title=QUICK VIEW
2026-09-16 16:15:37 [debug    ] cpk_extractor.low_confidence   confidence=0.5 title=QUICK VIEW
2026-09-16 16:15:38 [debug    ] cpk_extractor.low_confidence   confidence=0.5 title=QUICK VIEW
2026-09-16 16:15:38 [debug    ] cpk_extractor.low_confidence   confidence=0.5 title=QUICK VIEW
2026-09-16 16:15:39 [debug    ] cpk_extractor.low_confidence   confidence=0.5 title=QUICK VIEW
2026-09-16 16:15:39 [debug    ] cpk_extractor.low_confidence   confidence=0.5 title=QUICK VIEW
2026-09-16 16:15:39 [debug    ] cpk_extractor.low_confidence   confidence=0.5 title=QUICK VIEW
2026-09-16 16:15:39 [debug    ] cpk_extractor.low_confidence   confidence=0.5 title=QUICK VIEW
2026-09-16 16:15:41 [debug    ] cpk_extractor.low_confidence   confidence=0.5 title=QUICK VIEW
Watch video
2026-09-16 16:15:41 [debug    ] cpk_extractor.low_confidence   confidence=0.5 title=QUICK VIEW
Watch video
2026-09-16 16:15:41 [debug    ] cpk_extractor.low_confidence   confidence=0.5 title=QUICK VIEW
Watch video
2026-09-16 16:15:41 [debug    ] cpk_extractor.low_confidence   confidence=0.5 title=QUICK VIEW
Watch video
2026-09-16 16:15:43 [debug    ] cpk_extractor.low_confidence   confidence=0.5 title=QUICK VIEW
Watch video
2026-09-16 16:15:43 [debug    ] cpk_extractor.low_confidence   confidence=0.5 title=QUICK VIEW
Watch video
2026-09-16 16:15:43 [debug    ] cpk_extractor.low_confidence   confidence=0.5 title=QUICK VIEW
2026-09-16 16:15:43 [debug    ] cpk_extractor.low_confidence   confidence=0.5 title=QUICK VIEW
Watch video
2026-09-16 16:15:45 [debug    ] cpk_extractor.low_confidence   confidence=0.5 title=QUICK VIEW
Watch video
2026-09-16 16:15:45 [debug    ] cpk_extractor.low_confidence   confidence=0.5 title=QUICK VIEW
2026-09-16 16:15:45 [debug    ] cpk_extractor.low_confidence   confidence=0.5 title=QUICK VIEW
Watch video
2026-09-16 16:15:45 [debug    ] cpk_extractor.low_confidence   confidence=0.5 title=QUICK VIEW
2026-09-16 16:15:45 [info     ] diag.scan.phase1_ingest_done   cpk_assigned=0 cross_run_dupes_price_updated=3 cross_run_dupes_unchanged_price=33 elapsed_s=33.1 excluded_auctions=0 new_listings=0
2026-09-16 16:15:45 [info     ] queue_processor.submission_completed catalogue_cases_upserted=0 cpk_assigned=0 ingested=0 submission_id=115074
2026-09-16 16:15:46 [info     ] queue_processor.submission_released search_id=m2-nvme-ssd
2026-09-16 16:15:46 [info     ] queue_processor.processing_submission n_listings=36 query=M.2 NVMe SSD -"m.2 case" -"ssd case" -adapter -"heatsink only" -enclosure -external -portable -"hard drive case" search_id=m2-nvme-ssd submission_id=115076
2026-09-16 16:15:47 [debug    ] cpk_extractor.low_confidence   confidence=0.5 title=QUICK VIEW
2026-09-16 16:15:47 [debug    ] cpk_extractor.low_confidence   confidence=0.5 title=QUICK VIEW
2026-09-16 16:15:47 [debug    ] cpk_extractor.low_confidence   confidence=0.5 title=QUICK VIEW
2026-09-16 16:15:47 [debug    ] cpk_extractor.low_confidence   confidence=0.5 title=QUICK VIEW
2026-09-16 16:15:47 [info     ] diag.scan.phase1_ingest_done   cpk_assigned=0 cross_run_dupes_price_updated=0 cross_run_dupes_unchanged_price=4 elapsed_s=32.0 excluded_auctions=0 new_listings=0
2026-09-16 16:15:47 [info     ] queue_processor.submission_completed catalogue_cases_upserted=0 cpk_assigned=0 ingested=0 submission_id=115057
2026-09-16 16:15:47 [info     ] queue_processor.submission_released search_id=ddr4-udimm-ram
2026-09-16 16:15:47 [info     ] queue_processor.processing_submission n_listings=96 query=DDR4 UDIMM -sodimm -laptop -"heatsink only" -sticker -"empty box" -"tray only" search_id=ddr4-udimm-ram submission_id=115060
2026-09-16 16:15:49 [debug    ] cpk_extractor.low_confidence   confidence=0.5 title=QUICK VIEW
2026-09-16 16:15:50 [debug    ] cpk_extractor.low_confidence   confidence=0.5 title=ionz Gaming PC - AMD Ryzen 5 5500, RTX 5050 8GB Gr
2026-09-16 16:15:50 [info     ] diag.scan.phase1_ingest_done   cpk_assigned=19 cross_run_dupes_price_updated=0 cross_run_dupes_unchanged_price=20 elapsed_s=19.9 excluded_auctions=0 new_listings=0
2026-09-16 16:15:50 [info     ] queue_processor.submission_completed catalogue_cases_upserted=0 cpk_assigned=19 ingested=0 submission_id=115079
2026-09-16 16:15:50 [info     ] queue_processor.submission_released search_id=intel-gpu
2026-09-16 16:15:50 [info     ] queue_processor.processing_submission n_listings=35 query=PC case -laptop -phone -iphone -samsung -tablet -"pencil case" -sleeve -guitar -camera -toy -cosmetic -watch -sticker -"decorative panel" -"dust filter" -"carrying case" search_id=pc-case-chassis submission_id=115080
2026-09-16 16:15:50 [info     ] diag.scan.phase1_ingest_done   cpk_assigned=70 cross_run_dupes_price_updated=0 cross_run_dupes_unchanged_price=73 elapsed_s=29.8 excluded_auctions=0 new_listings=0
2026-09-16 16:15:50 [info     ] queue_processor.submission_completed catalogue_cases_upserted=0 cpk_assigned=70 ingested=0 submission_id=115037
2026-09-16 16:15:50 [info     ] queue_processor.submission_released search_id=gigabyte-motherboard
2026-09-16 16:15:50 [info     ] queue_processor.processing_submission n_listings=36 query=Gigabyte motherboard -bundle -combo -laptop -"empty box" -"box only" -sticker -"io shield" -standoff -backplate -"bios chip" -"power cable" -"adapter card" -"power switch" search_id=gigabyte-motherboard submission_id=115039
2026-09-16 16:15:50 [info     ] diag.scan.phase1_ingest_done   cpk_assigned=35 cross_run_dupes_price_updated=0 cross_run_dupes_unchanged_price=35 elapsed_s=0.5 excluded_auctions=0 new_listings=0
2026-09-16 16:15:50 [info     ] queue_processor.submission_completed catalogue_cases_upserted=0 cpk_assigned=35 ingested=0 submission_id=115080
2026-09-16 16:15:50 [info     ] queue_processor.submission_released search_id=pc-case-chassis
2026-09-16 16:15:50 [info     ] queue_processor.processing_submission n_listings=88 query=DDR5 UDIMM -sodimm -laptop -"heatsink only" -sticker -"empty box" -"tray only" search_id=ddr5-udimm-ram submission_id=115081
2026-09-16 16:15:51 [debug    ] cpk_extractor.low_confidence   confidence=0.5 title=QUICK VIEW
2026-09-16 16:15:51 [debug    ] cpk_extractor.low_confidence   confidence=0.5 title=QUICK VIEW
Watch video
2026-09-16 16:15:52 [debug    ] cpk_extractor.low_confidence   confidence=0.5 title=QUICK VIEW
2026-09-16 16:15:52 [debug    ] cpk_extractor.low_confidence   confidence=0.5 title=QUICK VIEW
2026-09-16 16:15:53 [debug    ] cpk_extractor.low_confidence   confidence=0.5 title=QUICK VIEW
2026-09-16 16:15:53 [debug    ] cpk_extractor.low_confidence   confidence=0.5 title=QUICK VIEW
Watch video
2026-09-16 16:15:54 [debug    ] cpk_extractor.low_confidence   confidence=0.5 title=QUICK VIEW
Watch video
2026-09-16 16:15:54 [debug    ] cpk_extractor.low_confidence   confidence=0.5 title=QUICK VIEW
Watch video
2026-09-16 16:15:55 [debug    ] cpk_extractor.low_confidence   confidence=0.5 title=QUICK VIEW
2026-09-16 16:15:56 [debug    ] cpk_extractor.low_confidence   confidence=0.5 title=QUICK VIEW
2026-09-16 16:15:56 [debug    ] cpk_extractor.low_confidence   confidence=0.5 title=QUICK VIEW
2026-09-16 16:15:56 [debug    ] cpk_extractor.low_confidence   confidence=0.5 title=QUICK VIEW
2026-09-16 16:15:56 [debug    ] cpk_extractor.low_confidence   confidence=0.5 title=QUICK VIEW
2026-09-16 16:15:57 [debug    ] cpk_extractor.low_confidence   confidence=0.5 title=QUICK VIEW
2026-09-16 16:15:58 [debug    ] cpk_extractor.low_confidence   confidence=0.5 title=QUICK VIEW
2026-09-16 16:15:58 [debug    ] cpk_extractor.low_confidence   confidence=0.5 title=QUICK VIEW
2026-09-16 16:15:58 [debug    ] cpk_extractor.low_confidence   confidence=0.5 title=QUICK VIEW
INFO:     127.0.0.1:60416 - "GET /api/gem-radar/pipeline-status HTTP/1.1" 200 OK
2026-09-16 16:15:59 [debug    ] cpk_extractor.low_confidence   confidence=0.5 title=QUICK VIEW
2026-09-16 16:16:00 [debug    ] cpk_extractor.low_confidence   confidence=0.5 title=QUICK VIEW
Watch video
2026-09-16 16:16:00 [debug    ] cpk_extractor.low_confidence   confidence=0.5 title=QUICK VIEW
2026-09-16 16:16:00 [debug    ] cpk_extractor.low_confidence   confidence=0.5 title=QUICK VIEW
2026-09-16 16:16:00 [debug    ] cpk_extractor.low_confidence   confidence=0.5 title=QUICK VIEW
Watch video
2026-09-16 16:16:02 [debug    ] cpk_extractor.low_confidence   confidence=0.5 title=QUICK VIEW
Watch video
2026-09-16 16:16:02 [debug    ] cpk_extractor.low_confidence   confidence=0.5 title=QUICK VIEW
2026-09-16 16:16:02 [debug    ] cpk_extractor.low_confidence   confidence=0.5 title=QUICK VIEW
2026-09-16 16:16:02 [debug    ] cpk_extractor.low_confidence   confidence=0.5 title=QUICK VIEW
2026-09-16 16:16:04 [debug    ] cpk_extractor.low_confidence   confidence=0.5 title=QUICK VIEW
2026-09-16 16:16:04 [debug    ] cpk_extractor.low_confidence   confidence=0.5 title=QUICK VIEW
2026-09-16 16:16:04 [debug    ] cpk_extractor.low_confidence   confidence=0.5 title=QUICK VIEW
2026-09-16 16:16:04 [debug    ] cpk_extractor.low_confidence   confidence=0.5 title=QUICK VIEW
2026-09-16 16:16:06 [debug    ] cpk_extractor.low_confidence   confidence=0.5 title=QUICK VIEW
2026-09-16 16:16:06 [debug    ] cpk_extractor.low_confidence   confidence=0.5 title=QUICK VIEW
2026-09-16 16:16:06 [debug    ] cpk_extractor.low_confidence   confidence=0.5 title=QUICK VIEW
2026-09-16 16:16:06 [debug    ] cpk_extractor.low_confidence   confidence=0.5 title=QUICK VIEW
2026-09-16 16:16:08 [debug    ] cpk_extractor.low_confidence   confidence=0.5 title=QUICK VIEW
2026-09-16 16:16:08 [info     ] diag.scan.phase1_ingest_done   cpk_assigned=0 cross_run_dupes_price_updated=1 cross_run_dupes_unchanged_price=35 elapsed_s=22.4 excluded_auctions=0 new_listings=0
2026-09-16 16:16:08 [info     ] queue_processor.submission_completed catalogue_cases_upserted=0 cpk_assigned=0 ingested=0 submission_id=115076
2026-09-16 16:16:08 [info     ] queue_processor.submission_released search_id=m2-nvme-ssd
2026-09-16 16:16:08 [info     ] queue_processor.processing_submission n_listings=36 query=M.2 NVMe SSD -"m.2 case" -"ssd case" -adapter -"heatsink only" -enclosure -external -portable -"hard drive case" search_id=m2-nvme-ssd submission_id=115078
2026-09-16 16:16:10 [debug    ] cpk_extractor.low_confidence   confidence=0.5 title=Joblot- 15x 4GB DDR4 Mixed Speeds 288-Pin UDIMM De
2026-09-16 16:16:11 [debug    ] cpk_extractor.low_confidence   confidence=0.5 title=Origin Storage 8GB DDR4 3200MHz UDIMM 1Rx8 Non-ECC
2026-09-16 16:16:14 [debug    ] cpk_extractor.low_confidence   confidence=0.5 title=QUICK VIEW
2026-09-16 16:16:15 [info     ] diag.scan.phase1_ingest_done   cpk_assigned=90 cross_run_dupes_price_updated=12 cross_run_dupes_unchanged_price=84 elapsed_s=27.4 excluded_auctions=0 new_listings=0
2026-09-16 16:16:15 [info     ] queue_processor.submission_completed catalogue_cases_upserted=0 cpk_assigned=90 ingested=0 submission_id=115060
2026-09-16 16:16:15 [info     ] queue_processor.submission_released search_id=ddr4-udimm-ram
2026-09-16 16:16:15 [info     ] queue_processor.processing_submission n_listings=50 query=DDR4 UDIMM -sodimm -laptop -"heatsink only" -sticker -"empty box" -"tray only" search_id=ddr4-udimm-ram submission_id=115061
2026-09-16 16:16:15 [debug    ] cpk_extractor.low_confidence   confidence=0.5 title=QUICK VIEW
2026-09-16 16:16:16 [debug    ] cpk_extractor.low_confidence   confidence=0.5 title=QUICK VIEW
2026-09-16 16:16:16 [debug    ] cpk_extractor.low_confidence   confidence=0.5 title=QUICK VIEW
2026-09-16 16:16:17 [debug    ] cpk_extractor.low_confidence   confidence=0.5 title=QUICK VIEW
2026-09-16 16:16:17 [debug    ] cpk_extractor.low_confidence   confidence=0.5 title=QUICK VIEW
2026-09-16 16:16:18 [debug    ] cpk_extractor.low_confidence   confidence=0.5 title=QUICK VIEW
2026-09-16 16:16:18 [debug    ] cpk_extractor.low_confidence   confidence=0.5 title=QUICK VIEW
2026-09-16 16:16:18 [debug    ] cpk_extractor.low_confidence   confidence=0.5 title=QUICK VIEW
2026-09-16 16:16:19 [debug    ] cpk_extractor.low_confidence   confidence=0.5 title=QUICK VIEW
2026-09-16 16:16:19 [debug    ] cpk_extractor.low_confidence   confidence=0.5 title=QUICK VIEW
2026-09-16 16:16:20 [debug    ] cpk_extractor.low_confidence   confidence=0.5 title=QUICK VIEW
Watch video
2026-09-16 16:16:20 [debug    ] cpk_extractor.low_confidence   confidence=0.5 title=QUICK VIEW
2026-09-16 16:16:21 [debug    ] cpk_extractor.low_confidence   confidence=0.5 title=QUICK VIEW
2026-09-16 16:16:21 [debug    ] cpk_extractor.low_confidence   confidence=0.5 title=QUICK VIEW
2026-09-16 16:16:21 [debug    ] cpk_extractor.low_confidence   confidence=0.5 title=QUICK VIEW
Watch video
2026-09-16 16:16:22 [debug    ] cpk_extractor.low_confidence   confidence=0.5 title=QUICK VIEW
2026-09-16 16:16:23 [debug    ] cpk_extractor.low_confidence   confidence=0.5 title=QUICK VIEW
2026-09-16 16:16:23 [debug    ] cpk_extractor.low_confidence   confidence=0.5 title=QUICK VIEW
2026-09-16 16:16:23 [debug    ] cpk_extractor.low_confidence   confidence=0.5 title=QUICK VIEW
2026-09-16 16:16:23 [debug    ] cpk_extractor.low_confidence   confidence=0.5 title=QUICK VIEW
2026-09-16 16:16:24 [debug    ] cpk_extractor.low_confidence   confidence=0.5 title=QUICK VIEW
2026-09-16 16:16:25 [debug    ] cpk_extractor.low_confidence   confidence=0.5 title=QUICK VIEW
2026-09-16 16:16:25 [debug    ] cpk_extractor.low_confidence   confidence=0.5 title=QUICK VIEW
2026-09-16 16:16:25 [debug    ] cpk_extractor.low_confidence   confidence=0.5 title=QUICK VIEW
2026-09-16 16:16:26 [debug    ] cpk_extractor.low_confidence   confidence=0.5 title=QUICK VIEW
2026-09-16 16:16:27 [debug    ] cpk_extractor.low_confidence   confidence=0.5 title=QUICK VIEW
2026-09-16 16:16:27 [debug    ] cpk_extractor.low_confidence   confidence=0.5 title=QUICK VIEW
2026-09-16 16:16:27 [debug    ] cpk_extractor.low_confidence   confidence=0.5 title=QUICK VIEW
Watch video
2026-09-16 16:16:28 [debug    ] cpk_extractor.low_confidence   confidence=0.5 title=QUICK VIEW
2026-09-16 16:16:28 [debug    ] cpk_extractor.low_confidence   confidence=0.5 title=QUICK VIEW
2026-09-16 16:16:29 [debug    ] cpk_extractor.low_confidence   confidence=0.5 title=QUICK VIEW
2026-09-16 16:16:29 [debug    ] cpk_extractor.low_confidence   confidence=0.5 title=QUICK VIEW
2026-09-16 16:16:30 [debug    ] cpk_extractor.low_confidence   confidence=0.5 title=QUICK VIEW
2026-09-16 16:16:31 [debug    ] cpk_extractor.low_confidence   confidence=0.5 title=QUICK VIEW
2026-09-16 16:16:31 [debug    ] cpk_extractor.low_confidence   confidence=0.5 title=QUICK VIEW
2026-09-16 16:16:31 [info     ] diag.scan.phase1_ingest_done   cpk_assigned=0 cross_run_dupes_price_updated=0 cross_run_dupes_unchanged_price=36 elapsed_s=40.6 excluded_auctions=0 new_listings=0
2026-09-16 16:16:31 [info     ] queue_processor.submission_completed catalogue_cases_upserted=0 cpk_assigned=0 ingested=0 submission_id=115039
2026-09-16 16:16:31 [info     ] queue_processor.submission_released search_id=gigabyte-motherboard
2026-09-16 16:16:31 [info     ] queue_processor.processing_submission n_listings=88 query=Gigabyte motherboard -bundle -combo -laptop -"empty box" -"box only" -sticker -"io shield" -standoff -backplate -"bios chip" -"power cable" -"adapter card" -"power switch" search_id=gigabyte-motherboard submission_id=115040
2026-09-16 16:16:32 [debug    ] cpk_extractor.low_confidence   confidence=0.5 title=X2 Origin Storage 16GB DDR5 5600MHz UDIMM 1Rx8 Non
2026-09-16 16:16:35 [info     ] diag.scan.phase1_ingest_done   cpk_assigned=83 cross_run_dupes_price_updated=10 cross_run_dupes_unchanged_price=78 elapsed_s=44.7 excluded_auctions=0 new_listings=0
2026-09-16 16:16:35 [info     ] queue_processor.submission_completed catalogue_cases_upserted=0 cpk_assigned=83 ingested=0 submission_id=115081
2026-09-16 16:16:35 [info     ] queue_processor.submission_released search_id=ddr5-udimm-ram
2026-09-16 16:16:35 [info     ] queue_processor.processing_submission n_listings=79 query=DDR5 UDIMM -sodimm -laptop -"heatsink only" -sticker -"empty box" -"tray only" search_id=ddr5-udimm-ram submission_id=115083
2026-09-16 16:16:35 [debug    ] cpk_extractor.low_confidence   confidence=0.5 title=QUICK VIEW
2026-09-16 16:16:36 [debug    ] cpk_extractor.low_confidence   confidence=0.5 title=QUICK VIEW
2026-09-16 16:16:36 [debug    ] cpk_extractor.low_confidence   confidence=0.5 title=QUICK VIEW
2026-09-16 16:16:37 [debug    ] cpk_extractor.low_confidence   confidence=0.5 title=QUICK VIEW
2026-09-16 16:16:37 [debug    ] cpk_extractor.low_confidence   confidence=0.5 title=QUICK VIEW
2026-09-16 16:16:38 [debug    ] cpk_extractor.low_confidence   confidence=0.5 title=QUICK VIEW
2026-09-16 16:16:38 [debug    ] cpk_extractor.low_confidence   confidence=0.5 title=QUICK VIEW
2026-09-16 16:16:39 [debug    ] cpk_extractor.low_confidence   confidence=0.5 title=QUICK VIEW
2026-09-16 16:16:39 [debug    ] cpk_extractor.low_confidence   confidence=0.5 title=QUICK VIEW
2026-09-16 16:16:40 [debug    ] cpk_extractor.low_confidence   confidence=0.5 title=QUICK VIEW
2026-09-16 16:16:40 [debug    ] cpk_extractor.low_confidence   confidence=0.5 title=QUICK VIEW
2026-09-16 16:16:40 [debug    ] cpk_extractor.low_confidence   confidence=0.5 title=QUICK VIEW
2026-09-16 16:16:41 [debug    ] cpk_extractor.low_confidence   confidence=0.5 title=QUICK VIEW
2026-09-16 16:16:42 [debug    ] cpk_extractor.low_confidence   confidence=0.5 title=QUICK VIEW
2026-09-16 16:16:42 [debug    ] cpk_extractor.low_confidence   confidence=0.5 title=QUICK VIEW
2026-09-16 16:16:42 [debug    ] cpk_extractor.low_confidence   confidence=0.5 title=QUICK VIEW
2026-09-16 16:16:43 [debug    ] cpk_extractor.low_confidence   confidence=0.5 title=QUICK VIEW
2026-09-16 16:16:44 [debug    ] cpk_extractor.low_confidence   confidence=0.5 title=QUICK VIEW
2026-09-16 16:16:44 [debug    ] cpk_extractor.low_confidence   confidence=0.5 title=QUICK VIEW
2026-09-16 16:16:44 [debug    ] cpk_extractor.low_confidence   confidence=0.5 title=QUICK VIEW
2026-09-16 16:16:45 [debug    ] cpk_extractor.low_confidence   confidence=0.5 title=QUICK VIEW
2026-09-16 16:16:45 [debug    ] cpk_extractor.low_confidence   confidence=0.5 title=QUICK VIEW
2026-09-16 16:16:46 [debug    ] cpk_extractor.low_confidence   confidence=0.5 title=QUICK VIEW
2026-09-16 16:16:46 [debug    ] cpk_extractor.low_confidence   confidence=0.5 title=QUICK VIEW
2026-09-16 16:16:46 [debug    ] cpk_extractor.low_confidence   confidence=0.5 title=QUICK VIEW
Watch video
2026-09-16 16:16:47 [debug    ] cpk_extractor.low_confidence   confidence=0.5 title=QUICK VIEW
Watch video
2026-09-16 16:16:47 [debug    ] cpk_extractor.low_confidence   confidence=0.5 title=QUICK VIEW
Watch video
2026-09-16 16:16:47 [debug    ] cpk_extractor.low_confidence   confidence=0.5 title=QUICK VIEW
2026-09-16 16:16:48 [debug    ] cpk_extractor.low_confidence   confidence=0.5 title=QUICK VIEW
Watch video
2026-09-16 16:16:49 [debug    ] cpk_extractor.low_confidence   confidence=0.5 title=QUICK VIEW
2026-09-16 16:16:49 [debug    ] cpk_extractor.low_confidence   confidence=0.5 title=QUICK VIEW
2026-09-16 16:16:49 [debug    ] cpk_extractor.low_confidence   confidence=0.5 title=QUICK VIEW
Watch video
2026-09-16 16:16:50 [debug    ] cpk_extractor.low_confidence   confidence=0.5 title=QUICK VIEW
